package main

import "github.com/someuser/somepkg"

func main() {
}
