package main

import (
	"fmt"

	"github.com/someuser/somepkg"
)

func main() {
	fmt.Println()
}
