package main

import (
	"bytes"
	"fmt"

	"github.com/someuser/somepkg"
)

func main() {
	fmt.Println(&bytes.Buffer{})
}
